type octile
height 257
width 257
map
..@.@.@.@.@.@.@.@.@.@.@.@.@.@.@.@.@.@.@.@.@.@.@.@.@.@.@.@.@.@.@.@.@.@.@.@.@.@.@.@.@.@.@.@.@.@.@.@.@.@.@.@.@.@.@.@.@.@.@.@.@.@.@.@.@.@.@.@.@.@.@.@.@.@.@.@.@.@.@.@.@.@.@.@.@.@.@.@.@.@.@.@.@.@.@.@.@.@.@.@.@.@.@.@.@.@.@.@.@.@.@.@.@.@.@.@.@.@.@.@.@.@.@.@.@.@.@..
..............@.........@...................@...@...................@...@.@...............@.@.......@.@.@.......@.......@...@.@.@.......................@.......@.............................@.........@...@...@...........@....................................
@.@.@@....@@....@.@...@...@......................@........@.@.........@...@....@..@.@...@...@@..@.........@.............@.....@.........@........@..@...@...@.@@....@..........@....@.....@.@.....@...@.@.@.@.......@.@....@@.......@....@@.@.@@..@.@..@@@....@.@
................@.......................@.....@.........@...........................@...................@...@...@...........................@.@.....@...........@...@...@.@.@...........@.................@.............@.......@.......@.......@...........@....
@.@.......@@.@......@.@..@@.@..@@...@....@..@.@...@...@.@.@@...@@@@.............@.@.....@.......@@....@....@..@.....@@..@.@...@.@...@.@..@.............@@.....@@.............@.....@@...@...@...@...@@@@........@.....@@@...@...@.....@@.@...@...@@.@@@.@.@...@.@
..........@.........@...........@...@...........@.......@.....................@...@.@...............@...@.....@...@...@.............@...................@.......@...@.............................................@.......@.@.......@.......@...@...........@....
@.@...........@.@.......@@@...@.@.@......@..@...@.........@@@@......@@@.@...@.....@.....@.@...............@@@.@.@.....@.@@....@....@@...........@.@..............@..@@......@...@.....@.......@.....@...............@.......@.......@...@.......@.@......@....@.@
..@...........................@.@...@.......@...........@...............@...........@...................................@...@.@.@...............@...............@.......................................@...........@.....................@.....@................
@.@@@@@.@@@.@@@......@....@.@.......@@@..@@.......@..............@..@.@.@..........@@@@..@@.@.@...@@...@@.@...@.@@..@.@....@@....@@@@.@@@@..............@......@.............@..@.@........@@.@.@...@@.....@@@@.......@..@@...@@....@....@.@@.....@...@...@..@..@
..............@.....@...........@.......................................................@.....@.@.......................@...@.@.........@...............@.............@...@.........................@.....@.@...@.......................@...............@...@....
@.....@...@.......@.@.@.@@..@...........@.@...@.@...@...@.@.@.........@.@.............@.@.....@...@...@..@@..........@...@..@.....@.@.@....@....@...@.........@..@..@.@.@.@...........@.@@@.............@.@.............@.@...@...@....@.@....@.........@.....@.@
....................................@.........@.................@.....................@.@.@.....@...................@...................@.................@...@.........@...........................@...........@...............@...............@.....@.@.@......
@..@@@@.@..@..@.............@@...@....@@...@@.....@......@..@..@@...@..@@............@........@.........@.....@...@...@...@.@...@.@@....@......@@.@..@....@.......@..@@.......@....@...@.@...............@...@......@.@@..........@.....@.@.@....@....@.@...@...@
....@.@.@...............................@.......................@.............@.....@.@.........@...........@.@.....................@...........@.......@.....@.....@...@...@.....@.@...........@.............@.................................@...@...@........
@.....@...@.@.....@.....@...@.......@....@..@@@.....@.......@.@.@@....@..@@.@.@.@.......@.....@.@@....@.@.....@.@.@.@...@.....@...@.@...@.....@.@.....@...............@.....@.......@.@..@....@.........@...@...@.@...........@.@.....@...........@.....@.@.....@
................@.@.........@.@.......@.@...@...........@...@.......@...................@...........@.....................@.....@...........@.....@.................@.....@.....@...............@...@.......@.........@.....@.......................@.......@....
@...@..@........@........@........@.@.@..@..@..@....@.@.@..@@.@..@@.....@......@@......@...@@@@.@......@.@@.@@@..@.....@@.@..................@....@@....@..........@..@.@........@....@...@.......@..@....@.@.@.@.....@@.....@.@@@..@...@@@.......@@@@......@...@
..@.....................@.............@.....................@...@...........................................@...@...@...........@...................@...@.........@.@.................@.....@.....................@.............@...............@.......@...@....
@.@.....@.@@.@...@..........@@..@.....@.......@...@...@.@.....................@.....@@......@.@...@....@..@..@..@@@.......@.....@.........@.......@....@....@..@....@...@.@@@.@.@.@.......@.........@.@...@.......@......@....@..@........@...@@................@
........@...@...............@...........@...........@.............@.@...........................@...........@...............@.........@...@.@.@.@...............@...........@.....@.......@.....@.......@.......@.......@.......@.....@..........................
@.....................@.@@@.......@......@.@....@...@..@.......@..@......@@.@.@.@.....@.@@@@......@.@.@...........@@...@@.@@.@..@.....@..@....@.@.@@@.....@@...@@....................@..@.@.............@.........@@@...........@.@.@.......@.@.@..@..@@.....@..@
................@...............@.......................................@.......................................@.@.............@...@...@.....@.....................@...........@.......................@.........@.........@....................................
@.........@...@.....@.@...@...@.....@....@......@............@......@..@..@...@.............@.@.......@@@.@...@............@..@...@...@.@.@.......@@........@.......@................@.......@..@.@.@.@...........@...@...@.@....@....@........@....@.........@.@
....................@.............................@.@...........@...........@...@...............@...@.....@.....@...........@.........@...............@.@.........@.....@.......@...........@...................................@...@............................
@.@.@.....@...@@..@......@@.@............@@........@.@...@.....@@...@...@..@..@..@....@@@......@..@@......@........@@@...@@@......@.@@......@@...@.....@...@.....@@@..@@..@@.@....@.@.@@.@@.......@....@@...@.@.@.@@@.......@.@.....@.@..@..@...@@........@.@...@
..........@.....@.........@.@...@.@.........@.@.....@...@...............@.@.........................@...............@...........@.......@...@...@...............@...................@...........@...............@...@...........................@.....@..........
@@..@...@.@...........@.....@...@.....@...@...@........@@.@.@@..@...@...@.........@...@.@......@@.....@...@....@..@.....@........................@@...@...@.....@.@.....@.@......@......@...@..@..@...@.....@.............@.@@..@...@.@...@.@.......@......@...@@
..............@...@.@...........@.........@.....@.......................@.......@.....@.....................@.....................@.@.......................@.....@.....@...........@...@...................@...................@...........@...@.......@........
@..@...@..@.@......@@..@....@@@.@@....@..@.@@...........@.@.@.@@@.......@.@....@@@..@..@@.@.@.....@.....@...@..@@@..@.@......@....@.....@...@.@..@@....@.@@.@@@.@..@....@@.....@....@.......@......@........@.....@.....@@....@@.@@...@....@.@....@.........@.@.@
........@...@.............................................................@.....@...................@...........@.......................@.@.@...............................@...........@.....@.....@.......@.@.@...........@.@.....@...........@................
@.....@.@.@.....@.@...@.......@...@...@.....@@@.@.@.@.@....@......@...@.@.@.@.@..........@....@.......@.......@........@@.@.@..@.@@.@@@.......@@....@@@...@.......@..@...@@.......@...@@..@...@.@.......@.......@...@.@...@.@.@.....@..@..@...@.@@....@...@....@@
................@.................@.@...@.........@.@...............@.@.................................@.....@.............@.....................@...........@.............@...@...............@...............@.......@...............................@........
@.@....@@.@@.......@.@.........@@....@@......@....@@...@@..@.@.@@.@....@...@.........@...@@....@..@...@@....@....@...@@@.@@.@@@@....@@@.....@....@..@...@.....@.@@..@@..@@.@....@@..@@@@.....@...@@@@.@.@@............@.@@.@@@........@..@.....@.....@..@...@@..@
....@...........@...................@...........@.@.........@.....@...........@.@...@...................@...............................@.......................@...........@...@...@...............@...@.....@.....@.@.@.......................@.....@.....@....
@.@.@@....@@.@..@.............@.......@.@.@.@.....@.@...............@....@..@.@...@...@.@.@.@.@...@.@......@@.@....@...................................@@.........@.@@........@...@...@.........@.....@..@........@.........@...........@..@@.....@.@.@.....@@..@
............@...@...........@.....@.......................@...@.........@...@...............@.....@.........................@.........@.................@.........@.....@...@...@...............@...........@...........@.......@...............@.......@........
@........@.@..@.@@@.@@@...@.......@.@...@..@@.@..@......@.@.......@.........@..........@.....@.....@..@..@@.....@.@....@@.@..@..@......@............@@..@.@....@@.@.@...@@........@.@@.@..@.@@@...@.@...@...@..@....@.@......@....@.@.@@@@...@...@......@.@.....@
..................@.....................@...........................................@.............@.....@.......................@.......................@...@.................@.@.@.@...........@...@...@...@...@...........................@...@................
@...@.@.......@.@...@...@...@.......@@.................@..........@......@........@.........@.....@...@...@...@.......@.....@.........@...@.......@.@...@...@..@@.....@...@.....@.....@.@.@...@.@.@.....@...@...@.@......@..@.....@.....@.@@@.@......@...@......@
....................@.......@.....@.....@...............................@...............@...............@...........@...@.@.......@.@.....@.....................@...............@...........@.................@.@.......................@........................
@@.......@..@...@.....@@.....@@...@.@.@..@...@.@.@@...@@@@@...@.................@.......@.@.@@.@........@.@@.@@.@@...@@...@.@...@.@@.@@..@...@.@.....@.@@....@@@....@........@........@@....@...@@.........@...@.@.@....@@..............@...@.@@@...@.....@..@.@@
..@.....................@...@...@.........@.....................................@...@...............@...@.......@.@.....@.......@.......@.......@.......@...............@.......@...............@...@.....@.....@.....@.........@...@............................
@.@.......@@....@.....@@..@@@...@...@.@...................@...@.@....@....@...@....@..@.......@@@.@.@....@......@.................@.....@.......@.@@.@@.........@.@.@.....@.........@@.....@@.....@..............@....@........@........@.@....@..@...........@.@
....@.........@.................@.......@.......@...............................................@.@.........................@.@.@.....@.....@...........@.......@.@.........@.......@.........@.........................@...@...@...................@............
@...@.......@@..@..@....@.@...@..@....@...@..@....@...@......@......@...@.@..@.....@.@@.@@@.@@....@..@.........@..........@@......@....@.@.......@..@...@.....@..@.@.......@@...@...@@@.@..@@...@@.....@@@@...@@..................@...............@.@.....@.....@
......@.....................@...................@...@...@.....@.@...............@...............@...@.........@.....@...................@.@.........@...@...................................@.@...........@.@...............@...@...@...@...@...........@...@....
@.@@........@..@..@.........@....@..........@.....@.@...@.@.@...@...@.@.........@.@......@@.................@.......@.@...@@........@.@.............@@..@.....@...@...@...@...@.@.......@.@.@.........@.@.........@..@......@.@.....@..@....@..........@..@..@..@
....@...............@...@.....................@...@.@.......@...........@.......@...@...............................................@...........@...................@...................@.......@...@.......................................................@....
@....@...........@..@.....@@@.......@...@..@@@..@..........@..@.....@..@@@@..@@@@...@.@@..@.@@..@.@..@@.@....@.@..@@.@@@@.@.......@.@@@.@..@.@..@@.@....@@@@.....@.@@....@..@@@..@@@..@..@...@.....@@..@...@@@@@@..@...@...@..@@.......@.@@......@..@.@.@.@@.@@.@
..............@.........@.......@...............@.....@.........@.....@.............@...@...............@...............@...@.@.@.......@.................................................@.....@.......@...................@...................@................
@...@@........@.........@...@.@.@.@.......@.........................@.@...@..............@@.@.....@.@...........@.@...@..@..@....@@.......@.......@.........@........@@........@....@.@......@......@...........@.@.....@.@.@.......@@@.@.@..@.................@@
....@...@...@.........@.....@...@.......................@...@.@.@.............@.....................@.....@.........@.................@.@...@...............@.@.............@...@.@.....@.......@...@...@...............................@........................
@.........@.@..@@...@......@....@@..@..@.@@......@...@..@...........@.....@.@..@...@................@..@..@........@..........@@....@@....@.@@......@.@....@@..@@..@...@.@@....@.@@.............@.......@.@@@.....@@..@........@..................@...........@.@
....@...........@.........................................@.....@...@.....@.............@...@...@...............................@...@.....@.........@...@...........@.@.............@...........................................@...........@...@.......@........
@.@...@..@........@.@.@@@...@.....@...@.....@.....@@..@.....................@..@@.....................@.@.@.........@.......@.@@@.@...@...@...@@....@...@.......@............@@.@..@..@.@.......@.@...@.....@@....@.@...@.@...........@.@........@..............@
..@.....................@.@.....@.....@.....@.@.@...@...................@...@.........@.........@.............@.@...@.............@...@.....................................@...@.............@.@.......................................@.......@................
@@....@@@.@......@...@.....@@............@...@....@..@.@@.....@.@@...@.........@......@.@.@@@.@.@..@@@..@..........@.@.@..@@@.@...@@...@@..@....@....@@..@@.@.@..@@.............@......@.@....@@@.@......@.....@.@.@@..@..@..@....@@.@@...@@..@@...@.@....@.@..@@
................@.............................@.....@.....@.....@...........@.........@.........@...........@.........@.............@...@.@.................................@.....@.....................................@...........@.......@...@................
@@..........@.@.@..@....@...@.@.@..@..@@..........@...@...@...........@...@..@...@..@.......@...@..@...........@..........@...........@.@.@.@.....@...@.@.............@@......@.@.....@...@.@@........@.....@@@.......@...@...........@...@...@.................@
....@...@.......@...@...............@...@.......@.............@.............@.......@.......@.............@.....@.........@.........................@.....@.............................@...............@.......@...........@...........@...@...........@........
@..@..@...@@..@.....@......@@.......@@.@....@.............@@.........@.@@....@@..@....@@@.@...@......@...@..@...@.....@.......@........@..@..@......@...@@.@@.....@@........@...@....@..@...@.....@@@...@...@@...@@...@.....@.......@...@......@@.@.@.@.......@.@
....@.@...........@.............................@.........................@.......@.@.........@.........@...@...@.@...@.@...........@...........@...............@.....@.@...@.@.................@...@...............@.................@.....@...@................
@...@...@...@........@@.....@.@.......@.@......@..@.@.@.@.......@@..@..@@.........@..@..@.@.@....@..@.@.....@...................@.................@.@.....@...@.@.....@.......@...@.......@...@.....@@..@.@.@.......@.......@.@.....@...@.@.@.......@.@.....@@..@
........@...@...@...........................@.......@...@...............@...................@.......@...............@.........@.@.................@.@.......................@.........@...@.....@...@.....................@...@.....@.....@...@.....@............
@.@.@..@@.@....@........@.@.@.@@@....@.@..@...@.@@@@...@@..@.@......@..@......@.@.@.....@.@....@.@....@..@.@@..@@@.@.....@.@.............@.@@.@.......@.@.@@..@@@@@...@.@@.@...@.@.@@..@..@...@.@.@..@@.....@@....@...@.@..@@.....@........@.@.@.@....@.@@..@.@.@
....................@...@.......@.......@.@.................@...@.......................@.......................@...............@...............@.@.....@...................@.....@.................................@...............@...@.@.......@.....@........
@.@.............@....@@.@...@.@...@.........@.....@...@......@@...@.@.@...@.......@.......@.@.@....@....@.......@.@.@.....@@.@..@...@..@...@@.@@..@..........@....@.@.@.........@.....@...@.....@.@.@...............@...................@.........@...........@.@
..@.@...........@.....................................@.............................@.......@...@...@...................@...@...@...........@.........@.................................@...............@.......@...........@...@.....@.@........................
@.......@.....@@.@@.......@@..@.@...@.........@..@.@...@@...@.@...@@...@@......@@.@@@........@..@.@......................@..@............@..@@....@@@...@....@..@.@.@@.@.@@@@@..........@.@...@.@.@..@.@@.@.@......@.@..........@.@......@@...@.....@..@@.......@
........@.......@...........@...@...............@...............@...................@.......@...................@.......@...........@...............@.................................@.@.......@...@.......@.......@.......@.@.@.@.....................@.....@..
@...@...@@........@...@.@.@@.....@....@...@.@...........@..@@.....@.@......@........@.....@.........@........@......@........@@...@...........@......@@...@.@.....@.@...@...@.........@.........................@.......@.@.@...@...@...@.......@..@@.@.........@
....@.........@.........@.......@...@...@.........................@...................@.@.....@.............................@.......................@.......@...@.....@.............@.......................@...............@...@.........@.@...........@...@....
@.@@@@@@@............@..@@..@@..@..@@@..........@@.....@@@....@..@.@..@..@.......@..@.....@...@.@..@...@.@....@.@.@...@...@.@.....@..@@.@...@@....@.@.@@...@@@.@...@@@@@@@.@@.....@.@@@...@.@......@@@...@....@...@.....@.......@.@..........@.....@.......@.@..@
................................@...............@.......@.@.....@...@...............................@.......@...............@...........@...@...@.@.....................................@...@...........@...........@...........@...........@...............@....
@...@.......@....@....@.@.@.....................@...@.@...@.@@@.@.....@.@...@.@...@...@....@..........@.....@...@.......@.@.@.@...........@...@.......@..@....@.@.......@.@......@......@...@...@.....@.@.......@.....@...........@...........@.@.@.@.....@...@.@
........@.......@.........................@.........@.......................@...@...@...................@...................@.....@.....@...@...............................@.@.@.............@.........@.......................@.......@.......@................
@......@.@...@@.........@..@..@.@.........@.@..@......@....@..@@..............@..@@.@@.@@.@.....@.@...@..@............@..@..@.@@@...@....@...@..@@.@....@@...@.......@.....@@....@........@.....@...@@....@@....@.@@@.....@..@.....@..@...@....................@@
....@.@.............@...@...............@...........................@.......@...................................@.........@.................@...@...............@.....................@.....................................@.......................@............
@.......@.......@...@...@...@.@...........@.@.@.....@.@....@@...@.@...@.@......@....@..@..........@...........@.......@@.....@..@...@...........@@@.@..@@....@..@.@@@.@.@.@.@.@.....@.@.@.............@...@.@.@.@@....................@...@...@.....@...@.@.....@
......................@.....@.....@.........@.........@...........@.........@.......................................................@.....@...@.....@...................................@.......@...............@...................@.@.@...@.......@.@.@.@......
@...@..@......@.....@@@..@.@..@........@...@.......@.......@.@..@.....@@..@.@.@.........@..@@...@@.@...@@..@@...@..@.@@@...@...@...@..@@.@......@.@...@..@........@.........@...@@....@..@.@.......@..@...@..@.@...@.@...@.....@.@@.@.....@.@.@@@.@@....@..@@..@@
....@.........................................................@.....................@.@.....................@...................@.....@.@.@.....................@.......................@.......................@................................................
@...............@@.....@@..@.@..@.......@.@..@@.......@...@...............@.............@...@...@...@.....@.@.@.@.@.@@..........@.@.@...@...@.......@.@.@.@...@@........@...@.........@.....@.......@@@.@.....@...........@.@...........@@@...@.....@.......@@@.@
................................@...@.....@.@.....@.........@...........................................................................@...........@...........@...@.......@...........@...@.....@.....@.............@...@...@.............@...@................
@.@.@..@.....@.@..@....@.....@..@.@...@@.@..@@..@..........@......@....@@.@.@..@@@.@....@......@@.......@..@..@.@.....@.@...@.....@.....@..@....@@@...@....@..@.........@.....@@@...@.@@.@@..@.....@..........@.@...@@..@.@.......@...........@@@...@.......@@..@
........................................................@.....@.@.......@...........................@...@...@.@.............@.......@...................@.......@.......@...............@.....................@.........@.@.....@.......@.......@...........@....
@.@.@.@........................@@.....@.....@.........@...@.@...@.@.......@...@.@................................@.............@@@....@.@....@....@...@.@.......@.......@.@......@@.@...@.......@...............@.@...@@@.@...@.@.@.........@.........@.....@@..@
....@...............@...........@.@.......@...............@.@...................@...................@.@.............@...........@...........................@...@.....@.............@.@.@...........@.............@.......................@.@...........@........
@.....@@@.@@...@.@...@..@...@@.@@@..@.....@..@...@@..@@...@.......@..@.....@..@@@..@@..@......@..@@.@@...@@.....@.........@.@@.....@@.@.......@..@...@.@@@@..@@.........@.@..@@@.......@.@@@....@....@....@@..@.@.......@....@@...@.@@@...@..@@..@@.....@@......@
....@...............................@.....................................@.....@...@...........@...@...........@.........@.........................@...........@...@...................@...........@...............................@...@...............@.....@..
@.@@..@.@.@..@.....@@..........@@.@.........@...@.@.@.......@.@...@...............@....@..@...@...@.@...@...@..@.@..@.......@...........@@....@.........@.@.......@.@.@.@......@..@@@.@@....................@....@@.......@...@.@@@...........@.@...@..@@.@.....@
....................@...................@...........................................................@.....@...........................@...........@...........@.........@.......@...........@...........@.......................................@...@...@........
@@.....@....@.@@@.....@@....@...........@...@.....@@@....@...@........@@..@.@.......@.......@@@..@....@@....@@..@@@@..@...@@.@@.@.@.@.@......@@.@@@....@.......@......@@...@...@@....@@...@...@.......@..........@....@.....@@@@@..@..@..@..@..@@@..@..@.@.....@@
................@.......@.......................@...............@.......@...........@.@.@.@.@.......@.@.@.........@.......@.....@...............@.......@.....................@...@.......@.@...............@.......@.........................................@..
@@@.....@.....@.............@.@.@@..@....@......................@.@......@@.....................@...@.....@............@....@.@...@.....@.........@...@@........@...@...@.@.....@.@...@...@...@...@.@...@.@.......@.................@...@.@..............@......@
................@.......@...@...@...@...........@...................@.......@...@.@.....................................................@...............................@...@...@...............................................@...............@.@.....@...@....
@...@......@..@@@.........@@@....@@..@.@.@@.....@.@.@@@....@....@@..@...@...........@@.@.@.@@.....@@....@@.@...@...@.....@@..@@....@.@..@@...@.@...@@..@....@...@.@.@..@....@......@..@...@.@...@.@..@@@...@..@.@..@.........@...@........@.....@@@..@.....@@...@
....@.....@.......@.............@.@.....@...........................@...........@...................@.......@...............@...@...........@...................@.........@.............@.......@.......................@.......@.................@..............
@.....@.....@.......@...@...@.@@....@.@.@...@.....@@..................@.@...@.@.@...@...@........@............@..@@.....@...........@...@....@@.......@......@....@.@.....@.@.........@...@.......@.@...@..@@...........@...@.@.@.......@@@...@.....@...@.......@
........@.......@...........@.......@...@.........................@.........@.................@.................@...............................................@.....@.......................................@.@...........@...@.......@........................
@..@.......@@.......@....@..@...@.@@.....@..@......@@..@..@.....@.@...@@@........@..@@....@.@.@...@...@..@.@.@@.@.@.@.....@....@@..@..@.@.........@...@@....@.@.......@....@..@.@...@.........@.@..@.@.@..@.@.@.........@@....@.@@..@..@...@...@.@....@..@......@
..@.........@...........@.......@...............@.....@.....@...@.......@...@...................@...@...........@...@...........@.........................@.............@.......................................@...@...@.....................@.....@............
@.@.@...@.........@...@..@......@..@....@.@.@@......@...@.@.@.@.........@.@..@..@.@.@@@...@.@...@.......@...@.....@.@...@.....@..........@....@.@.....@...@.@@.........@.@..@.@...@.@@@..@.......@....@...@...@..........@@.........@.........@.@.@....@@.....@.@
........@...@...........@...........................@...@.......@.........@.....................@...................@.........................@.@...............@...................@...............................@...@...............@...@...........@...@....
@...@....@@.....@...@.@@.@......@@.........@@.@...@...@...@.....@....@.@.@....@...@...@@.....@.@.@.@@.@.......@.......@.@..@@..........@@........@........@...@@@.......@@@.@.....@.@.........@...@@..@......@...@.......@@..@@.@@......@....@@.......@..@..@.@.@
................................@.........@.......@.....@...........@...........@.@.@...................@.......@.......@...................................@.............................@...........@.......................@.....................@...@........
@@@.........@.@.........@.............@.....@...@...@.@...............@.@.@.....@............@@.......@.@.......@@....@.@...........@.@.........@.....@....@@.@.......@.....@.....@.......@.....@.@@............@.......@@........@.@.@.......@...@.....@.......@
..........@.@...@.......@...................@...........@...............................@...............@...@.@.@...............................@.................@...........@.@...@.......@...@.............@.......@.........@.......@.................@......
@.@...@..@@.@@@........@.@...........@@@..@.@.@.@.@...@.......@...@...@.@.@.@....@.....@.@..@...........@.@.............@@@.@@....@..................@...@..@...@.....@..@@..@..@@..@......@@...@.@........@@......@..........@.@...@..@..@.@......@..........@.@
..........@.................@.......@.......................................@...............@...........@...........@.......@...........@.@...........................................@.................@...........@...@.@...............................@......
@.....................@.......@.......@...@@..@..@@..@@.@@......@.....@...@.....@.@.........@@....@.@@...@...@....@.@...@........@..@.....@...@.@.@...@.....@..@@..@............@.@...@.@.....@.........@@@.@...@.@....@..@.@.@@..@.@@@...........@...@...@.@...@
........................@...@...............@...@...............................................@...@...................@...@...................................@.......@...................@...............@...........@.......@...@.......@...@................
@@@@@..@.@..@@....@..@@...@@.@......@@@.@@......@.@.@@@.@..@.@..@@@....@@@@.@.@@.@..@@.........@....@@.@...@.@.@..@..........@...@.@..@.@@@@.....@@..@...@@.....@..@..@@.....@.....@.@.@@..@.@.@@..@@.@.@..@.@@..@@.@..@@@@@.....@.....@.@..@@..@@@..@.@@@...@@.@
..@.......@...@...................@.....@...@.........@.............@...............@.......................@...@...........@...@.......@...@...........................@.@.....@.........@.....................@.........@.................................@....
@.@.......@...........@.@...@@..@...@@..............@.@.@@..@...@.....@............@....@...@.@.....@...@........@@........@@...@...@.@..@..@...@...@...@...@...@.........@.....@.@.........@........@...@@.@..@..@.@...@.@.....@.@.@.@.@.@...@....@@.@@..@.@.@.@
..................................................@.@...................................................@.....@.........@...............@.......@.....................@.........@.............@...................@.............@.@.@............................
@.@@....@...@....@......@....@..@.@..@@.....@.@.......@........@@.......@...@...@....@@....@....@@..@@..@.........@.@...@...@@..@........@....@..@@.@..@@.........@@.........@.............@@.@@...@.......@.......@.@.....@.@..........@.....@@.@@...........@.@
........................................................@.......................@.................................................@...........@.........................................................@.....................@.......@...@.@....................
@..................@..@.@..@@...@@..............@.....@.@...@...@.......@.@..@........@.@......@..........@...............@....@....@@....@.@.@...@.@@...@......@.....@........@@...........@@....@.......@.@...@...@.......@...........@........@.........@.@@.@
....@...@...@...........@.....@.@.....@.@...............@...@...........@...........@...@.......................@...................@...@.......@.@.........@...@...........@.......................................@...........................@.......@........
@@.......@..@.@.@@.@@@...@@..@.@....@@.@.@@...@.@@.@........@.@@...@@@..@.............@@..@@..@...@@..@...@@.....@@......@...@......@..@..@.....@.@@..@.@..@.@.@..@@.....@..@........@......@...@...@.@.........@@@@...@.@........@.....@.@@.@.......@.@.......@@
..@.....@.....................@.................@...@...............@.....@.................@.......@.........@.@.......................@.......@...........................................@.........@.............@.......@.......@...@...@...@................
@...@@@.@...@@@.........@.................@....@......@..@......@...........@.....@..@@..........@...@@.@@@.........@.....@.....@@..@...@.@...........@...@.@.........@.....@.@.@.@.@...@.....@@.............@@.....@.....@@.@@.@.@.@.....@...@.....@.@.@.@...@.@
......................@.........................@.................@.@...@.........@...........@.@.......@.......................@...............................@...@.....@.............................@.......@...............@.........@.................@....
@.@.....@...@@.@.......@...@@...@...........@@...@.@.....@@.......@.@...........@..@.....@.@..@@@..........@...@...@...@@....@..@@...@@.@@.@..@....@@@@..@@..@@...@..@........@....@.@..@.........@.....@@..@.........@.@....@..........@..@@@....@..@........@.@
............@...@.......@...@...@.............@.........@...............@.@.....@.@.@.........@.................@...@.......@...........@...........................@...@...@...........@...@...............@...............@...........................@.....@..
@.@.....@...@.........@...@...@.@......@..@......@@........@.@@..@...@@.@.....@........@@..@@.@.@..@..@.@.........@............@....@...............@...@......@@.@........@@.@.@.@.@...@.@.....@...@.......@.....@.@...@.@.....@@..........@..@..@@@.....@.....@
....@.....@.......@.......................@.....................................................@.........@.......@.........@.................@...@.....@.......................................@...@.......................@.......@...@.......@.......@...@....
@.@.@...@@....@..@@.@@@@.@@..@...@.@.@..@@.@..@@@....@..@.@.@@........@@.@.....@...@@..@...@@@....@.@@@..@.@@@..@....@@...@@....@....@.....@....@..@@@.@@@@@....@..@@...@...@.@....@@@@@...@.@@@.@.@.@....@...@....@@.@.@..@.@@@.@@@........@..@.@........@@.@..@
......@...................@.@...@...................................................@...@.................@...............@.@...........................@...................@.@...@.@...@.............@.......@.................@.....@.....@.........@.@........
@..@@.......@...@...@.@...@.......@.@.@.....@.@...............@...@.......@.....@@..........@.......@.....@.......@...@...........@.@...@.......@.....@..@..@@....@.......@...@.........@.@.....@@..@.......@.........@...@.@.@.@.@..............@@.......@...@.@
....................................................@.......@.....@.@...................@.......@...............@...............................@...........................@...@...........@...@...............@................................................
@..@@@@....@@..@....@..@..........@@@.@...@....@..@.@.@.@.....@............@.@....@@.@..........@...@.@.@....@...@.@@..@@....@....@..@.....@..@....@@@.@@...@.@.@......@...@..@...@.@..@..@............@.@......@.@@....@@.@@....@..@...@@@.@......@@.@@......@.@
..@.............................................@...............@...........@.......@.....@.....@.....@.........@...............................@...........................@...@.......................@.....................@...................@..............
@........@@....@................@@..@.@.....@.@...@.........@.@....@..@.......@@....@..........@......@.....@.@@......@.@.@.........@.....@@@..@@...........@...@.@......@...........@@.@...........@...@...@...@........@.........@..@.@...@...............@...@
........@...........@...........@...@.@.........@...@...@.@.@...@...............@...........@.......@...@.......@.......................@.......@.....@...@.@.........@.......@.....@...................@...........................@...@...@.@.............@....
@...@.........@..@@.@....@.@..@@..@..@.@@....@..@@@@@.....@...@..@.@..@@@.@.@@.....@...@.@...........@.@@.........@..@..@.@.....@@.....@@..@.......@@.@..@@...@@..@.@.@..@....@@..@............@@@.@..@..@....@..@.@...@.@@..@.....@@@....@...@.@...@..@...@@..@@
............................@.....@...@.................................@.......@.....@.......................@.........@.@.....@...@...........................@...@.......@...........................................................@........................
@.............@...........@...@.@.......@@@...@.......@.@.@..........@..@...@.....@.....@..@@...@@@.........@...@.@.....@.@.@.....@.....................@......@.@@...........@@@@..@.@.@..@............@.@........@.............@......@..@@.......@.......@...@
....@.....@.....................................@...................................@.......@...........................@...........................@.@.............................@...........@...@...........@.......@.....@.........@.......@................
@..@@..@@.@@...@.......@@.........@...@.@.......@.....@@@.@@@@........@......@.@..@...@.....@..@..@.....@.@...@.........@@@.@...@@@.....@.@.....@.@.@@....@@......@@....@@....@@@.@.......@.......@...@...@@........@.@..@......@.........@.....@..@...@........@
................................@...............@...@...............@.............................@...........@.....@...........@.......@.......................................................@...........@.....@.............@...@.......@...........@........
@....@..........@.@....@...............@....@.........@@....@.@..........@@.@.........@.....@...@.@...@.@.......@.@...@...........@.@.................@@.@..@.@.@.....@.@@......@.@.@.......@...............@@..@...@.....@.@@@.................@.....@.@.@@....@
........................@...@...@...............@...............@...@.@.@.......@...@...@...............@...................@.@.@.@.....@...........@.......@.....................@.................................................@...............@...@........
@@..@.@..@.@..@@.............@@..@@.....@@...@@.@@.@..@@@..@.@...@@.@.........@.@.@...@@.....@...@@.....@@@.@.@..@@........@...@@@.@....@....@@.@..@@@..@...@.@...@@..@...@@@@.@@.....@.@...@..@.@@@@@..@@@@@.......@...@@..@@@@.@.@..@..@@..@..@@.....@@.......@
................@.@.........@...@.......@...........@.......@...@...................@.....@.....@.......................@...@...@.............@.@...........@.......@.....@.@...........@.....@.........@...@.......@...@.....@.@...@.............@.@...@........
@...@.@.......@.....@.@...@........@..@.@.....@.......@...@.@...........@..@................@@..@@@.....@.....................@.....@...........@@@.......@.@.......@........@@...................@...@.......@@@.............@....@....@.......@.........@.....@
..............@.@...@...................@.................@...........@.....@...............@.............@.@.@...@.@...@.................@.....................................@.........@.....................@...........@...@.......@........................
@.....@.....@..@@.@.@.....@.....@.....@.....@.@@..@...@.@............@.....@..@...@.@.@...@.@...@....@@.....@@@.@......@.@.............@@@..@..@@....@....@.......@.......@@.@@.@..........@.@@.@@.@....@@@@....@.........@..@......@@...@.@@...@..@@....@....@@@
................@...@...@...........@...@...@.....@.@...@...@...@.......................@...............@.....@...@.........@.@.....@...........@.......@.......@...............@...................@.....@.....@.............@..................................
@@..@.@.@..@@.@.@.@...@.....@..@..@...@...@..@..@.......@.@..@..@........@..@.............@....@.....@..@.................@.@.@.@.@...@...@.@.@.@.......@...@.@.....@.......@...@.@.@......@..................@..@@.@...@..........@..@...@.@.@.....@@@.........@
................................................................................@...@...................@.....................................@.................@...................................................@...@...........@...@...............@...@....
@..@.@.@@.@.@.@.@...@@@@.@@@@.@...@...............@@@@.@...@....@.......@..@@.@...@........@.....@@...@...@.....@@...@..@..@@@.........@@....@....@@@@.@....@@@.@...@.@..@..@.......@..@...@@...@........@.@.@...@@@..@@.@..@@.@..@.@..@@.@..@@.@..@....@.@.....@
....................@...........@.........@.....@...@.@.................@...............@...........@.@.........................@...........@...........@...@...........................@...@.....@.................@...........@.......@.@......................
@.............@.........@.............@...@...@.@.@...@.@....@@.@.........@.@...@.......@.................@.@.........@.@.@.....@.....@.........@@@..@...@..@.....@@@.@...@...........@.@...@.....@.................@..@...@................@.........@...@.@.@.@
....@.@...............................@.@...@.............@.@.........@.........@.......@...............@.......................@.......@.....@.....@...........@.................................................@.........@.......@.......@.....@.@...@........
@.@.@...@@@@.......@....@..@@...@.@@..@.@@....@......@....@...@@....@.@@...@..@@....@.........@.......@..@@@....@...@@......@.@.@.@....@.....@..@@@.....@.@...@.@@......@....@...@..@....@@.@@..@..@.......@..@...@@.....@.............@..@@.....@..@.@.....@...@
............@.....@...............@.....@.........@.@...@.....@...............@...............@.................@...............@...............@.......@.......@...............@.........@.@...@.......................................@.............@..........
@...@.@.....@...@.......@@....@@......@..@........@.@...@.@.....@.@..@....@@..@...@.............@@..@............@@....@@.@.....@...@.....@.@...@.............@.......@.@.@..@....@...@...@.........@...@.@.@.......@.....@...@.@@..@.@.@.....@.......@....@....@
....@...@...........@.......@...................@.......@...........@...@.......................@.......@.....@.@.......@...@...@...@...............@.....@.@.@.........................@.............................@.........@................................
@..@@.....@.@..@@..............@@...@..@.@..@...@.@.@..@....@.@.......@.....@...@..........@@..@@.@@...................@.@.............@..@@.@.@..@...@@....@............@...@..@.@.@.@@.@...@.....@..@@@..@...@.....@.@...@...@..@..@......@..........@.@.@.@@.@
....................@...@.......................................@...@...........@.........@.@...@.........@.....@...............................@...............@.........@...@.@...............@.....@.............................@...@...@...@.........@......
@@........@.....@...@.........@.@.....@...@.@...@.@@..@...@.@............@......@.@..@......@.......@.@......@..@.@...........@.@.......@.........@.....@.@.@.@.............@...@...@.............@.@.@.......@.@@..@......@.....@....@..@....@...@..@@.....@...@
....................@...........@.......................@.@.............@.........@.................@...........@...@.....@.@...............@...@...................@...................@.....................@.@...@...@.......@...........@...@................
@..@@@.@..@.@...@.@.....@@@....@@.......@..@..@..@....@@@.@....@....@...........@@@.....@...@@..@.@...@.@...@.@....@..@...@....@.....@.......@@.@.@@..@.....@....@.....@@@@...@...@...@..@@.........@...@.@.........@...@@.@.......@.@@.@.@.@.@..@...@..@..@..@.@
......................@.@...@.@.........@...@...@...@...........@.@.........@.......................@.......................@...@.......@.......@.......@.......@...................@...@.......@...........................@...@.......@...........@............
@.........@...@.@@................@.@...@...@..@.......@....@...@.@.@.@...@.......@.....@.@.....@...@...@@..@.......@.@.@..@@...@.....................@...........@@@...............@.@.@.@.@.............@...@...@.......@...@...@...@.@.....@.......@@@@......@
..@.............................@...@...@.@.....@.......@.@.....@.......@.......@.......@...@...@...........@...@...............@.....@.....@.......@.................@.......................@.........@.........@.@...........@...@...........@...........@....
@........@.@........@...@.@...@.@...@@..@......@@.@.@..@...@..@....@.@@...@@.@@.@@.@.@....@.@...@..@@@..@@..@.@.....@..@..@..@@@.....@.@.....@@...@.@@..@..@....@...@.@....@..............@.....@.......@.@@@.@.......@@....@.@@......@...@..@......@...@@..@...@
......@.........@.....@.........@.......................@.......................@...@.....@...@.@...........@...@.......................@...............@...................@...................@...............@.@.....................................@........
@.......@.@....@....@.....@...@.@.....@.@...@@.................@@.@......@....@.....@.......@.....@.@...@.@.@.....@.................@....@..@.@.@@@...@...@......@.........@.....@@.@.@...@..............@@...@.....@.......@...@.@...@@....@...@.....@.@.@.....@
........@.@.......@...........@.@.@.@...@...@...................@.................@.@.............@.@.........@...............@.....@...@.....@.....@.................................@.............@.....................@.....@.......@...@....................
@@.....@.@...@...@......@.@....@....@......@...@......@@@........@@.....@@..@.@@...@..@@...@.....@....@@...........@@.@.........@.@................@@..@..@...@...@...@...@@...@@.....@@....@.......@..@@....@....@@..@..@..@...@.@@....@@@.@...@...@@.@@..@@...@
............@.......@...............@...................@...........@...................................@.@...............@...@.............................@...........@.@.......@.........@...@.@...........@...........................@.....@................
@.@@.@..@.@.@.....@...@.....@...@@@...@.......@.........@@....@.............@.......@.........@...@...@.........@.@...........@.............@.@@@.......@.......@..@.@......@...@.@...@@......@...@......@..@.............@...@.@.@.@...@.....@.@...@...@.....@.@
..........@.....@.......@.@.................................@...@.....@.@.......@.............................@.@.......@.............@.....................................@...............@.....................@.....@...........@.......@...@...@.....@......
@@.@.....@..@@..@..@....@.@.@@...@..............@@..@...@@...@.@@.........@@...@.@..@@...@.......@......@..@.@...@....@.....@.@...@....@@..@...@@@......@......@@@@..@.@@@..@@@.....@@...@@@......@..@.@@.@...........@......@@....@...@@..@@.@.@.....@...@.@.@@@
............................@.......@...........@...........@.....................@.............@.......................@.......@.....@.@...@...........@...............................@.........................................@.............@................
@...@...@.@...@...@..@....@.......@...@.@.@........@@..@......@@.@......@.............@@@.@.@@..@.@..@......@.....@........@..........@..@@...........@.@...@...@.......@..@@...@..@.....@@.@.......@..@..@@..@.....@.....@....@......@.@.@...@@....@....@@.....@
........@...........@...........@.......@...........@...@.@.............@.....@.@.........................@.....@...............@...@.......@.@.....@.......@...................................@.@.........@.@.............@...@...............@................
@..@..@...@...@@@....@@@..@.......@...@.@.@...@.@@@...@..@@.@.@...@.@......@....@@..@..@..@@.@.........@@..@.......@..@.@..........@@.@...@.@.....@..@@...@.@...@.....@@...@..@@..........@@@@......@...@@..@.@.@.@......@@.@@@...@........@..@..@@.....@..@@...@
....@...@...........................................@...............@.................@.........@.@.............................@.......@...@.......@.........@...........@.@.......@...@.@.....@...............@.......@.........@...@...........@.....@........
@...@.....@.@...@...@.@.......@.@.....@...@...@.@.....@@@.@.....@.@.@.@.....@.....@.....@@@.......@.@..@.@......@...@@........@.....@.@.@.......@.............@...............@..@........@.@...@.@.@@..@@..............@...@@..........@.....@.....@.@...@@..@.@
............@...................@.................@.............@.....@.@.........@.@...................@...@...@.@.....................@.....@.........@...............@...............................@...@...@.......................@...@...@...@.......@....
@.@.@....@..@....@.@@@@....@...........@..@@..@...@..@...@....@@..@....@..@......@..@@@...........@.@..@.......@....@...@..@...@..@.@..@@...@...@...@.@...@.....@.@@.@....@....@..@@...@@.@@..@.@....@@@...@.@.@@......@.........@@.@.@.....@..@..@@@...@.@.@..@@
......@.@.......@...@.........@.........@...@.@.....@.......@.................@...@.........@...............................................@...........................@...........................@.......................................@...@.......@........
@...@.........@.@....@..@...@.@..@.....@@.@.............@...@.@.@.@...............@...@...........@...@....@....@@....@...@.@.................@.@.........@...@...@@.....@......@.....@.@..@...@@.@.@.@.@.@...@.....@..........@@.@.....@.................@.@.@.@
............................@.......@...................................@.......@...............@.....@.@.....@.....@...@.............@.................@...@...@.....@...............@.@...@...@.......................@.......@.....................@.....@....
@...@.@@@...........@.@.@..........@..@@..@....@..@..................@.......@....@.....@.....@.@.@...........@..@...@.....@@..@........@.....@.@.@@@....@@....@.@.@...@@...@..@....@@@.@..@..........@@@.@...@.@.@@...@@....@@...@.@..@..@....@....@.@.@.@.....@
................@...@.....@...............@.@...@...@...................................@...........@...........@...................@...........................@.....@.@.........@.....@...@...@...................@.......@.@.....@...........@................
@...@.@.@.@...@...@.@.......@.@....@....@.@.@.@@@..@@...@.@......@@.....@...@.@@............@....@....@.@...............@.@.@...@.@@.......@............@...@.............@@......@...............@..@@.@@..@...@..@.@@..@....@...@...............@@..@.@.......@
................@...@.@.........@...@.@.....................@.......@...............@.@.@...........@.........@.....................@...............@.......@...@...............................................@.......@...............@.......@................
@@@@@.@@@...@...@@...@.@.@.@.@@@@.....@@..@@.@...@...@....@...@@@@.@.....@.@@@..@.@.@.@...@...@..@@.@@.@....@...@@.........@@..@..@...........@@......@.@..................@@..@.@..@@..@@..@@...@..@..@.@.......@..@.@......@@.@....@@@.@.@..@.@..@..@@....@.@.@
..@...@.........................@.....@.............@.......@.....@.....................................@...............................@.......@...............@...@.......@...................................@...@...@.......@.@...................@.@...@....
@.@.....@.@.....................@..............@......@.@.@.@.@.@.@..@@......@@..@..@...@.@......@......@.@.@...........@...@.@...@...@.........@.@..@..@..................@...@@...............@.@....@....@......@..@...@..........@....@...@.....@...........@
..........@.....@...........@...@...........@...............@...............@.......@...................@.............@.........@.......@...............@...............@...........................@.......@.........@.....@.......@...........@...@.......@....
@..@..@@@...@.@...@..@..@...@....@..@@....@@@@....@@.@......@.@....@..........@@..@.@@.......@...@.@..@.@.@...@@......@.@.........@............@@.@...@.........@.@.........@...@.....@....@....@..@@...@...@.@.....@..@.@...@....@....@....@..@..@...@.........@
..@...@.@...@...@.......@...@.@.@.................@.........@...@.................@.@...............................@...........@.......@.....................@...............@.@.......@.........@.@.........@.@...@...@.......@.....@.........@...@............
@.....@..........@@...@.............@........@@.................@@.....@@.@..@@.......@.....@..@.........@..@.@...@.@...........@..@@@@...@...@...@.@...@...@.....@..@.....@..@.@.@.........@.........@...@.@.@.@...@.@..@..........................@.....@.@@..@
....@...@.......@...................@...................@.......@.......................................................@.......@.........@.....................@.......@.................................@.@...@...@.....................................@......
@...@...@@.@.@.......@.......@...@....@..@..@......@@......@...@.@..@.....@.@.@...@.@@.......@@@.@...@@...@......@..@........@...@.........@.@..@....@......@@.........@@..@.......@...@.@....@.@.@...@...@.@@@.......@.......@@@....@@...@....@....@.@...@.....@
............@...@...@...........................@.......@.@...............@...................@.....@...................@.......@.......@.@.....@...................................@...@.....@.............@.@.............@.......@.............@.@............
@...@.@.............@..@....@.@.@.......................@.........@...@...@.......@...@.@.........@...@.@...@...@...@@@...@@@@..@.....@.@......@..@.@.@...................@...........@.....@....@..@....@......@...@.@.@.......@.@.@.......@.@.@.....@.@.@.....@
............................@.......@...@...............@.......................@...................@...........@.....................@...........@.....@...@...@...@...........@.@.....@...@.......@...@...........................@...@.......@.......@........
@......@...@...@@@..@@.....@......@.@...@.@...@.....@.@..@......@.........@......@.@..@@@..........@@@..@...@@@@.......@..............@@.@@.@..@@...@.@@..@...@..@.........@...@........@.@@...@..............@...@@..@.@.@.............@.@.........@...........@
................@.......@...................................................@...............@.......@...@.........@.............@.....@.@.@.........@.................................@.@.....@.....@...............@.@.@........................................
@.......@.@.........@.....@...@@....@.....@@...@..@...@@.@@.@@......@.@........@..@.....@.@.....@.....................@...@.@.@.@.@...........................@.@.@............@@.@.....@.....@......@....@.......@@............@.....@.@..@@...@.@.......@.@.@.@
..........@...............................................................................@.....................@.......................@...@...........................@.......@...............@.............@.............@.....@.@.@.........@...........@.@..
@......@...@....@@....@...@.....@.@.@......@.......@.....@@@..@..@...@.@..@@@@..@@.@...@.@..@.@...@@...@..@.@..@@..@...@...@...@..@.@.@....@@...@..@..@.@.@..@@@.@..@...@@...@.@.@..@.@@@@....@...@...@.......@...@.....@..........@.@@...@..........@...@@..@.@@
........@...@.@.@...............@...............@.......@.....@.@...............@...............................@.................................@...@.........@...@...........@...@.@.....@...................................@.@.@...@.......@................
@.@.....@.....@.@.......@@..@.............@.@.......@.....@.......@...@..@@.......@....@.@..@.@............@......@.......@....@..................@.....@.@...@....@........@.......@....@......@.@.@...@...@...........@...........@.........@...@...@.........@
................@...............@.@.@...@...........@...............@.......@.......@.......@...@...............@.@.@...........@.@.....@.......@...........@...............@...@.......@...............@...@.................................@..................
@@....@@@...................@......@@......@..@..@.@.@@.@@@....@.....@......@.@.....@.......@...@.@@@.........@.@.@......@@.@@@@.@@.............@......@@...@...@....@@...@...@@..@@@.@.@...@........@..@....@....@.@@..@...@@@.@.@.@.@.......@@@...@@..@......@@
..@.....@.........@.@.....................@.....@.......................@.....................@.@.......@.......@.......@.@.................@...........................@.............@.........@...@.........@.................@...................@...@........
@...@...@.....@.@.@.......@.@.........@.@...@.@.........@...@.@..@@.......@.@...@....@@...@@..@.......@.@.@.....@...@.@.........@..@..@...........@...@.....@.@.........@.@.@...............@.@.@.....@@.........@....@...@...@.@..@..@..@@.....@....@..@...@...@
......@.@.....@.@.....................@.....@...........@...@.@.@...@...................@...........@...............@...@...........@.......@...@.....@.........@...................@...@...................@...@.....@...@...@.....@...................@........
@@@...@.....@.....@.............@.@....@.@..@@.....@@...@......@@...@.@..@@.@..@@@..@.@...@.@.@....@.@......@@.....@@@@@....@.@..@..@.@...@..@..@@.@...@...@@..@@.@.@...@..@@@.........@@.....@.@.....@...@....@......@@..@.@.......@...@..@@..@@..@....@...@...@
..............@.@...........@.......@.....@.............................@.....@...........@.@.@.@.......@...@.......@...@...@...........@...@...........@.......................@...@.....................................@.....@.......................@........
@.@...................@.@.@.@.@.......@.....@.@..........@@.@..........@..........@.@.....@...@...@.@...@.............@.....@..........@@..@....@.@...........@...@.....@...@...@.@.@.....@...@.@@@.....@@.........@..@@....@...@.@...........................@.@
....................@...@.......@...................@.........@.................@.......@...............@.......@.....@.@.......@...............@.........................@.@...@.....@.............@...@...........................@...........@...........@....
@@........@.@@@.@.....@..@.....@..@...@....@@......@@..............@...@@...@.@.........@......@...@@....@...............@.@..@....@......@.....@.@..@....@.....@@@........@.@.@@@@.@.......@@@.@.@.@..@..@..@..........@......@..@.@.@@....@.@...@.........@...@
........................................@.@.@...........@.........@.......@...........................@...............................@.................@.....................................@...@.....................@...@...@................................
@..@......@..@@...@...@..@..@.........@...........@..@@.@.@.......@....@....@@...@......@...@.......@.....@.........@.....@...@.@.@.@.....@.....@.....@...@.......@....@@....@........@.........@.....@....@@.@.........@.@..@@.........@.@...@.@.@.......@.....@
....@.....@.@...@...........@...@.....@.......................@.@...@...@.......@...............................@.....@.@...................@...................@...............@...@.@.@.......@...........@...@.........@...........@.@.......@.@.......@......
@.@@........@@@...@..@@.@.@@..@..@..@@..@.@...@@.@.@@...@@.@.@....@.....@.@..@.@....@@@.......@..@@......@@.@..@@@.@.....@@.@.@...@.@.@...@..@...@@@.....@.@..@.@@..@..@..@.@.@..@......@.@.@....@@..@.@.@@@.@@...........@@..@..@.@...@@.@...@@@....@.@....@.@.@
................@...@...@...........@.......@.......@...........................@...@.......@...@.......@...............@.......@.......@.......@...............................@.....@.@.......@.......................@...@.@.................@.......@.....@..
@@..@...@.@.@.......@...@.@@.......@..@...@.@.@...@.@.......@......@......@.......@.....@...@...@...@@........@.@.@......@...@..@.....@................@..@.....@...@@..@.@.....@@@.........@.@...@........@...........@......@.@...@..@...........@..@....@....@
..........@.@...@...........@...@.....................@.@...............@.........@.......................@.....................@.........................@.@.......@...@.......@.............@.@.......................@...........@...@.......@.......@........
@...@...........@.@.@.....@......@..@.@.......@@@..@....@.....@....@....@.......@@@..@....@.@.......@..@....@..@........@...@.@......@...@@......@...@..@@@........@..@......@.....@@.@.@...@......@..........@.@....@.@...@.@..@.@...@....@.@......@..@@..@@@..@
..............................@.....@...................................@.................@...........@.......@.@...............@.....@.....@...................................................@.......@.@.................@...................@.............@..
@.......@...@.......@...........@.........@.@@@.....@..@....@.@.@.@@@.....@.......@.....@.......@.....@.@.@.....@@@...@@....@...............@.....@..@@.....@....@..@..@....@...@@@.@.....@.@...@....@@.@.................@...@...@.@....@....@......@..@.......@
..@.....@.@.....@.@.....@.......@...............................@...............@...@...................@...............@.@...................@.@...@...........@.........@.........................@.......@.....@.................@.@.....@.@.............@....
@.....@@.....@..@.@.@..@..@@........@.@.....@.....@@@..@..@.@@......@.......@@.@......@.....@....@..@...@@@..@....@@......@..@.@@..@.@......@.@..@...@@.@.@..@..@.....@..@..@.@@@.........@......@..@.......@.@....@@.......@@...@..@....@.@.@@@..........@.@...@
........................................@...@...................@.............@.....@.......@.................@.........@...............@.......@...................@...........@.......@...@...@.......@...@.......@............................................
@@..@..@@.@..@...@@.@.@.....@@......@...@...........@.@.....@...@.@.............@...@@....@...@.@.....@.@.@...@......@..@...@.......@....@..........@.@.....@.......@.........@.@@....@...@.....@.......@.@.....@....@..........@.......@.....@.@.@..........@..@
........@...........@.............@.@...........@...@...............@...............@...............@.@.....@...........@.......@...............@...................@.........@.........@.........@.....@.......................................@................
@....@..........@.....@....@..@...@.......@......@...@@......@...@......@@......@...@.@@.....@@@.@.@........@.......@........@@@@.@..........@.@@...@@.@..@@@...@...@@@.@...@@@.....@@.@@.@......@.....@@.........@..@....@.@...@.@@......@.........@...@......@@
..@.............@.............@.............@...@...@.@.........................@.......@...................@...@...........@...................@.......@.......................@.............@...........@.@.......@...@.................@.............@........
@.@.@...............@....@....@.@.@.@.@...@......@........@@..@.@.@.....@.....@.@.@...@.@...@........@..@.@.@...@.........@.........@...@@..@.....@..@@.@.@..@....@.@.....@.@.....@.@.@@@.@.....@@....................@.@...@...........@.@.@...@....@@.....@...@
........@.......@...............@.......@...@...................@...@.@.@.....@.......@.@...@...........@.......@...............@.....@.....@...........................@...................@.....................@.....................................@........
@.@...@.....@@...@@...@........@..@...@@@....@..@..@....@.......@......@....@.@@@@.@.@@.@@@.....@@......@..@...@.@..@.@@@@@@.@......@.@...@..@@...@@......@@..@..........@....@.@....@..@.@..@.@......@.@...@.@.@.@.........@.......@......@........@@....@.....@
....@...........................@...@...@...........................@...@.......@.........@.@.......@.....@...............................@.@...@.@.................................................@.....@...................@.@...................@............
@...@.@.@.@.@..@..@...@.@.@.@.@....@@.@...@.@.........@....@....@...@.@..@........@.@@@.....@.........@.@..............@..@...@.........@...@.@.@...@.........@.....@.@.......@.........@.@.@.....@..@....@.....@...............@@........@..@@....@........@...@
........................@...................@...@.......@...............@.......@...@.........@.............@.@.......................@.............................@.................@...@.@.@.........@...............@...@.........@.@...............@........
@@.@.@..@..@..@..@@..@@............@@@..........@..@..@.........@@@.@.........@.......@.@...@@@........@....@..@..@.@...@.@..@@.@.....@.....@.@.@......@..@....@@.@.....@...@...@..........@@....@...@@...@@@@@....@...@@.@....@@..@...@......@.@..@...@..@.@.@.@
........@.......@.@...................................@.......@.........................@.......@...@...................@...@...........................@...............@.......@...@.....................@.......@.......@......................................
@.....@........@@.........@..@..........@.................@.....@@@.@.@.@..........@.@..@..@..........@.@@@.....@.....@...@.....@@@......@..@@@.@.....@...@...@..@@.................@.@.......@...........@.@.@.@.......@.@...@.@.@...@.........@..@..@@@.@@..@.@
....@.......@...............@...@.........................@.@...........................@.........@.........@.......@.......@.......@.@.........@...@...@.......@...........@...@.........@.................@...........@...................@.@.@................
@.@@@.@.@@.............@.......@.@@@..@........@..@.....@...@@.@......@.@....@.@@@@....@........@................@.@@..@@..@.@..@..@..@@..@...@.....@..@@@..@@...@...@..@@..........@@.....@@@...@@....................@....@.@@@.@.@.@.....@@...@@@........@...@
........................@.@.@...@...........@...@...@.....@...@.@.......@...........@...................@...............@...........@.......@...@...@...............@.....@.....................@...@...........@...........@.....................@..............
@...@........@.........@........@..@..@.....@..@....@...@.......@...........@........@..........@......@...@@.@...........@.........@.....@.........@.@...........................@.@..@..........@......@....@..@..@...@.@.......@...........@.................@
....@...@.........................................@.........@.....@...........@.@.@.....................@.....................@...................@.....@.@.@...........................@.......@...............................@.....@.....@...@................
@@......@.@...@...@.....@.@.@..@@.....@.@@......@.@@..@...@...@.@...@........@....@........@.....@.@.............@......@...@.....@.@...@...@@.@....@.............@..@...@@.......................@..@.....@...@@.....@.@@......@.@@.......@..@.@.........@....@@
............@...@...........................@...........@.......@.@.....@...@.......@...@...........................@.@.@...................................@.............@.............................@.@.....@...........@.............@.....@.......@........
@...@.@.......@..@@....@..@@@.....@.@.@.@..@@..@@.@.@...@.....@.@.@.@.......@.......@.@.@.............@.....@.....@...........@...@.@.@.@.@.@.@.@...@@@.......@.@.@...@...@.@..@....@...@.........@.....@.@...@@....@@......@.......@.@.........@.....@.........@
....@...................@...@.......@.............@.@...................@...@...@...................................................@...@...@...@.......@.......@...@...........@...........@...@.......................@.@.......@.........@.....@..............
..@.@.@.@.@.@.@.@.@.@.@.@.@.@.@.@.@.@.@.@.@.@.@.@.@.@.@.@.@.@.@.@.@.@.@.@.@.@.@.@.@.@.@.@.@.@.@.@.@.@.@.@.@.@.@.@.@.@.@.@.@.@.@.@.@.@.@.@.@.@.@.@.@.@.@.@.@.@.@.@.@.@.@.@.@.@.@.@.@.@.@.@.@.@.@.@.@.@.@.@.@.@.@.@.@.@.@.@.@.@.@.@.@.@.@.@.@.@.@.@.@.@.@.@.@.@.@..
